../../Middlewares/ST/touchgfx/framework/include/touchgfx/Screen.hpp:104:18:virtual void touchgfx::Screen::afterTransition()	0	static
D:/TouchGFX/2048/TouchGFX/gui/src/screen2_screen/Screen2View.cpp:245:6:virtual void Screen2View::tearDownScreen()	0	static
D:/TouchGFX/2048/TouchGFX/gui/src/screen2_screen/Screen2View.cpp:249:6:virtual void Screen2View::handleTickEvent()	8	static
../../TouchGFX/gui/include/gui/screen2_screen/Screen2View.hpp:31:13:Screen2View::~Screen2View()	8	static
../../TouchGFX/gui/include/gui/screen2_screen/Screen2View.hpp:31:13:virtual Screen2View::~Screen2View()	8	static
C:\ST\STM32CubeIDE_1.17.0\STM32CubeIDE\plugins\com.st.stm32cube.ide.mcu.externaltools.gnu-tools-for-stm32.13.3.rel1.win32_1.0.0.202411081344\tools\bin/../lib/gcc/arm-none-eabi/13.3.1/../../../../arm-none-eabi/include/c++/13.3.1/bits/random.h:1658:5:std::random_device::random_device()	32	static
D:/TouchGFX/2048/TouchGFX/gui/src/screen2_screen/Screen2View.cpp:33:5:int pushLeft(int (*)[4])	40	static
D:/TouchGFX/2048/TouchGFX/gui/src/screen2_screen/Screen2View.cpp:77:5:int pushRight(int (*)[4])	40	static
D:/TouchGFX/2048/TouchGFX/gui/src/screen2_screen/Screen2View.cpp:121:5:int pushUp(int (*)[4])	40	static
D:/TouchGFX/2048/TouchGFX/gui/src/screen2_screen/Screen2View.cpp:165:5:int pushDown(int (*)[4])	40	static
D:/TouchGFX/2048/TouchGFX/gui/src/screen2_screen/Screen2View.cpp:209:5:int isFinish(int (*)[4])	12	static
D:/TouchGFX/2048/TouchGFX/gui/src/screen2_screen/Screen2View.cpp:224:1:Screen2View::Screen2View()	8	static
C:\ST\STM32CubeIDE_1.17.0\STM32CubeIDE\plugins\com.st.stm32cube.ide.mcu.externaltools.gnu-tools-for-stm32.13.3.rel1.win32_1.0.0.202411081344\tools\bin/../lib/gcc/arm-none-eabi/13.3.1/../../../../arm-none-eabi/include/c++/13.3.1/bits/random.tcc:397:5:void std::mersenne_twister_engine<_UIntType, __w, __n, __m, __r, __a, __u, __d, __s, __b, __t, __c, __l, __f>::_M_gen_rand() [with _UIntType = unsigned int; unsigned int __w = 32; unsigned int __n = 624; unsigned int __m = 397; unsigned int __r = 31; _UIntType __a = 2567483615; unsigned int __u = 11; _UIntType __d = 4294967295; unsigned int __s = 7; _UIntType __b = 2636928640; unsigned int __t = 15; _UIntType __c = 4022730752; unsigned int __l = 18; _UIntType __f = 1812433253]	12	static
C:\ST\STM32CubeIDE_1.17.0\STM32CubeIDE\plugins\com.st.stm32cube.ide.mcu.externaltools.gnu-tools-for-stm32.13.3.rel1.win32_1.0.0.202411081344\tools\bin/../lib/gcc/arm-none-eabi/13.3.1/../../../../arm-none-eabi/include/c++/13.3.1/bits/random.tcc:453:5:std::mersenne_twister_engine<_UIntType, __w, __n, __m, __r, __a, __u, __d, __s, __b, __t, __c, __l, __f>::result_type std::mersenne_twister_engine<_UIntType, __w, __n, __m, __r, __a, __u, __d, __s, __b, __t, __c, __l, __f>::operator()() [with _UIntType = unsigned int; unsigned int __w = 32; unsigned int __n = 624; unsigned int __m = 397; unsigned int __r = 31; _UIntType __a = 2567483615; unsigned int __u = 11; _UIntType __d = 4294967295; unsigned int __s = 7; _UIntType __b = 2636928640; unsigned int __t = 15; _UIntType __c = 4022730752; unsigned int __l = 18; _UIntType __f = 1812433253]	8	static
D:/TouchGFX/2048/TouchGFX/gui/src/screen2_screen/Screen2View.cpp:28:5:int randInRange(unsigned int, int, int)	2528	static
D:/TouchGFX/2048/TouchGFX/gui/src/screen2_screen/Screen2View.cpp:50:5:int leftAction(int (*)[4], unsigned int)	88	static
D:/TouchGFX/2048/TouchGFX/gui/src/screen2_screen/Screen2View.cpp:268:6:virtual void Screen2View::Left()	8	static
D:/TouchGFX/2048/TouchGFX/gui/src/screen2_screen/Screen2View.cpp:94:5:int rightAction(int (*)[4], unsigned int)	88	static
D:/TouchGFX/2048/TouchGFX/gui/src/screen2_screen/Screen2View.cpp:272:6:virtual void Screen2View::Right()	8	static
D:/TouchGFX/2048/TouchGFX/gui/src/screen2_screen/Screen2View.cpp:138:5:int upAction(int (*)[4], unsigned int)	88	static
D:/TouchGFX/2048/TouchGFX/gui/src/screen2_screen/Screen2View.cpp:276:6:virtual void Screen2View::Top()	8	static
D:/TouchGFX/2048/TouchGFX/gui/src/screen2_screen/Screen2View.cpp:182:5:int downAction(int (*)[4], unsigned int)	88	static
D:/TouchGFX/2048/TouchGFX/gui/src/screen2_screen/Screen2View.cpp:281:6:virtual void Screen2View::Bottom()	8	static
D:/TouchGFX/2048/TouchGFX/gui/src/screen2_screen/Screen2View.cpp:328:6:virtual void Screen2View::refesh()	24	static
D:/TouchGFX/2048/TouchGFX/gui/src/screen2_screen/Screen2View.cpp:342:1:cpp)	8	static
D:/TouchGFX/2048/TouchGFX/gui/src/screen2_screen/Screen2View.cpp:229:6:virtual void Screen2View::setupScreen()	24	static
D:/TouchGFX/2048/TouchGFX/gui/src/screen2_screen/Screen2View.cpp:285:6:virtual void Screen2View::Show()	32	static
